// Jest Snapshot v1, https://goo.gl/fbAQLP

exports[`The <Checkbox /> component Should render the label and checkbox the user will see 1`] = `[Function]`;
